{
  "version": "1.5.0",
  "plugins_used": [
    {
      "name": "ArtifactoryDetector"
    },
    {
      "name": "AWSKeyDetector"
    },
    {
      "name": "AzureStorageKeyDetector"
    },
    {
      "name": "Base64HighEntropyString",
      "limit": 4.5
    },
    {
      "name": "BasicAuthDetector"
    },
    {
      "name": "CloudantDetector"
    },
    {
      "name": "DiscordBotTokenDetector"
    },
    {
      "name": "GitHubTokenDetector"
    },
    {
      "name": "GitLabTokenDetector"
    },
    {
      "name": "HexHighEntropyString",
      "limit": 3.0
    },
    {
      "name": "IbmCloudIamDetector"
    },
    {
      "name": "IbmCosHmacDetector"
    },
    {
      "name": "IPPublicDetector"
    },
    {
      "name": "JwtTokenDetector"
    },
    {
      "name": "KeywordDetector",
      "keyword_exclude": ""
    },
    {
      "name": "MailchimpDetector"
    },
    {
      "name": "NpmDetector"
    },
    {
      "name": "OpenAIDetector"
    },
    {
      "name": "PrivateKeyDetector"
    },
    {
      "name": "PypiTokenDetector"
    },
    {
      "name": "SendGridDetector"
    },
    {
      "name": "SlackDetector"
    },
    {
      "name": "SoftlayerDetector"
    },
    {
      "name": "SquareOAuthDetector"
    },
    {
      "name": "StripeDetector"
    },
    {
      "name": "TelegramBotTokenDetector"
    },
    {
      "name": "TwilioKeyDetector"
    }
  ],
  "filters_used": [
    {
      "path": "detect_secrets.filters.allowlist.is_line_allowlisted"
    },
    {
      "path": "detect_secrets.filters.common.is_ignored_due_to_verification_policies",
      "min_level": 2
    },
    {
      "path": "detect_secrets.filters.heuristic.is_indirect_reference"
    },
    {
      "path": "detect_secrets.filters.heuristic.is_likely_id_string"
    },
    {
      "path": "detect_secrets.filters.heuristic.is_lock_file"
    },
    {
      "path": "detect_secrets.filters.heuristic.is_not_alphanumeric_string"
    },
    {
      "path": "detect_secrets.filters.heuristic.is_potential_uuid"
    },
    {
      "path": "detect_secrets.filters.heuristic.is_prefixed_with_dollar_sign"
    },
    {
      "path": "detect_secrets.filters.heuristic.is_sequential_string"
    },
    {
      "path": "detect_secrets.filters.heuristic.is_swagger_file"
    },
    {
      "path": "detect_secrets.filters.heuristic.is_templated_secret"
    },
    {
      "path": "detect_secrets.filters.regex.should_exclude_file",
      "pattern": [
        "\\.venv/.*",
        "benchmark-results/.*"
      ]
    }
  ],
  "results": {
    "fix_plan_phase1.md": [
      {
        "type": "Secret Keyword",
        "filename": "fix_plan_phase1.md",
        "hashed_secret": "e9af612973187378bd3eac04f4ea4e0b1f8933b9",
        "is_verified": false,
        "line_number": 69
      }
    ],
    "mnemosyne/_azure.py": [
      {
        "type": "Secret Keyword",
        "filename": "mnemosyne/_azure.py",
        "hashed_secret": "085f4f2247c901ccbb7612ff72b316d20492295b",
        "is_verified": false,
        "line_number": 78
      }
    ],
    "tests/embed/test_retry.py": [
      {
        "type": "Secret Keyword",
        "filename": "tests/embed/test_retry.py",
        "hashed_secret": "3acfb2c2b433c0ea7ff107e33df91b18e52f960f",
        "is_verified": false,
        "line_number": 10
      }
    ],
    "tests/entities/test_extract.py": [
      {
        "type": "Secret Keyword",
        "filename": "tests/entities/test_extract.py",
        "hashed_secret": "3acfb2c2b433c0ea7ff107e33df91b18e52f960f",
        "is_verified": false,
        "line_number": 261
      }
    ],
    "tests/search/test_query_logging.py": [
      {
        "type": "Hex High Entropy String",
        "filename": "tests/search/test_query_logging.py",
        "hashed_secret": "33c76f70af66754ca47d19b17da8dc232e125253",
        "is_verified": false,
        "line_number": 285
      },
      {
        "type": "Hex High Entropy String",
        "filename": "tests/search/test_query_logging.py",
        "hashed_secret": "fa2237a34674a51b455e0cfcc4f146289864ffe7",
        "is_verified": false,
        "line_number": 314
      }
    ],
    "tests/summaries/test_generate.py": [
      {
        "type": "Secret Keyword",
        "filename": "tests/summaries/test_generate.py",
        "hashed_secret": "3acfb2c2b433c0ea7ff107e33df91b18e52f960f",
        "is_verified": false,
        "line_number": 55
      }
    ],
    "tests/unit/test_retry.py": [
      {
        "type": "Secret Keyword",
        "filename": "tests/unit/test_retry.py",
        "hashed_secret": "3acfb2c2b433c0ea7ff107e33df91b18e52f960f",
        "is_verified": false,
        "line_number": 10
      }
    ]
  },
  "generated_at": "2026-03-23T04:30:50Z"
}
